Archive member included to satisfy reference by file (symbol)

/opt/st/stm32cubeide_1.14.0/plugins/com.st.stm32cube.ide.mcu.externaltools.gnu-tools-for-stm32.11.3.rel1.linux64_1.1.100.202309141235/tools/bin/../lib/gcc/arm-none-eabi/11.3.1/../../../../arm-none-eabi/lib/thumb/v7e-m+fp/hard/libc_nano.a(libc_a-exit.o)
                              /opt/st/stm32cubeide_1.14.0/plugins/com.st.stm32cube.ide.mcu.externaltools.gnu-tools-for-stm32.11.3.rel1.linux64_1.1.100.202309141235/tools/bin/../lib/gcc/arm-none-eabi/11.3.1/../../../../arm-none-eabi/lib/thumb/v7e-m+fp/hard/crt0.o (exit)
/opt/st/stm32cubeide_1.14.0/plugins/com.st.stm32cube.ide.mcu.externaltools.gnu-tools-for-stm32.11.3.rel1.linux64_1.1.100.202309141235/tools/bin/../lib/gcc/arm-none-eabi/11.3.1/../../../../arm-none-eabi/lib/thumb/v7e-m+fp/hard/libc_nano.a(libc_a-findfp.o)
                              /opt/st/stm32cubeide_1.14.0/plugins/com.st.stm32cube.ide.mcu.externaltools.gnu-tools-for-stm32.11.3.rel1.linux64_1.1.100.202309141235/tools/bin/../lib/gcc/arm-none-eabi/11.3.1/../../../../arm-none-eabi/lib/thumb/v7e-m+fp/hard/libc_nano.a(libc_a-exit.o) (__stdio_exit_handler)
/opt/st/stm32cubeide_1.14.0/plugins/com.st.stm32cube.ide.mcu.externaltools.gnu-tools-for-stm32.11.3.rel1.linux64_1.1.100.202309141235/tools/bin/../lib/gcc/arm-none-eabi/11.3.1/../../../../arm-none-eabi/lib/thumb/v7e-m+fp/hard/libc_nano.a(libc_a-fwalk.o)
                              /opt/st/stm32cubeide_1.14.0/plugins/com.st.stm32cube.ide.mcu.externaltools.gnu-tools-for-stm32.11.3.rel1.linux64_1.1.100.202309141235/tools/bin/../lib/gcc/arm-none-eabi/11.3.1/../../../../arm-none-eabi/lib/thumb/v7e-m+fp/hard/libc_nano.a(libc_a-findfp.o) (_fwalk_sglue)
/opt/st/stm32cubeide_1.14.0/plugins/com.st.stm32cube.ide.mcu.externaltools.gnu-tools-for-stm32.11.3.rel1.linux64_1.1.100.202309141235/tools/bin/../lib/gcc/arm-none-eabi/11.3.1/../../../../arm-none-eabi/lib/thumb/v7e-m+fp/hard/libc_nano.a(libc_a-printf.o)
                              ./Src/ansi.o (printf)
/opt/st/stm32cubeide_1.14.0/plugins/com.st.stm32cube.ide.mcu.externaltools.gnu-tools-for-stm32.11.3.rel1.linux64_1.1.100.202309141235/tools/bin/../lib/gcc/arm-none-eabi/11.3.1/../../../../arm-none-eabi/lib/thumb/v7e-m+fp/hard/libc_nano.a(libc_a-putchar.o)
                              ./Src/ansi.o (putchar)
/opt/st/stm32cubeide_1.14.0/plugins/com.st.stm32cube.ide.mcu.externaltools.gnu-tools-for-stm32.11.3.rel1.linux64_1.1.100.202309141235/tools/bin/../lib/gcc/arm-none-eabi/11.3.1/../../../../arm-none-eabi/lib/thumb/v7e-m+fp/hard/libc_nano.a(libc_a-setbuf.o)
                              ./Src/30010_io.o (setbuf)
/opt/st/stm32cubeide_1.14.0/plugins/com.st.stm32cube.ide.mcu.externaltools.gnu-tools-for-stm32.11.3.rel1.linux64_1.1.100.202309141235/tools/bin/../lib/gcc/arm-none-eabi/11.3.1/../../../../arm-none-eabi/lib/thumb/v7e-m+fp/hard/libc_nano.a(libc_a-setvbuf.o)
                              /opt/st/stm32cubeide_1.14.0/plugins/com.st.stm32cube.ide.mcu.externaltools.gnu-tools-for-stm32.11.3.rel1.linux64_1.1.100.202309141235/tools/bin/../lib/gcc/arm-none-eabi/11.3.1/../../../../arm-none-eabi/lib/thumb/v7e-m+fp/hard/libc_nano.a(libc_a-setbuf.o) (setvbuf)
/opt/st/stm32cubeide_1.14.0/plugins/com.st.stm32cube.ide.mcu.externaltools.gnu-tools-for-stm32.11.3.rel1.linux64_1.1.100.202309141235/tools/bin/../lib/gcc/arm-none-eabi/11.3.1/../../../../arm-none-eabi/lib/thumb/v7e-m+fp/hard/libc_nano.a(libc_a-stdio.o)
                              /opt/st/stm32cubeide_1.14.0/plugins/com.st.stm32cube.ide.mcu.externaltools.gnu-tools-for-stm32.11.3.rel1.linux64_1.1.100.202309141235/tools/bin/../lib/gcc/arm-none-eabi/11.3.1/../../../../arm-none-eabi/lib/thumb/v7e-m+fp/hard/libc_nano.a(libc_a-findfp.o) (__sread)
/opt/st/stm32cubeide_1.14.0/plugins/com.st.stm32cube.ide.mcu.externaltools.gnu-tools-for-stm32.11.3.rel1.linux64_1.1.100.202309141235/tools/bin/../lib/gcc/arm-none-eabi/11.3.1/../../../../arm-none-eabi/lib/thumb/v7e-m+fp/hard/libc_nano.a(libc_a-memset.o)
                              /opt/st/stm32cubeide_1.14.0/plugins/com.st.stm32cube.ide.mcu.externaltools.gnu-tools-for-stm32.11.3.rel1.linux64_1.1.100.202309141235/tools/bin/../lib/gcc/arm-none-eabi/11.3.1/../../../../arm-none-eabi/lib/thumb/v7e-m+fp/hard/crt0.o (memset)
/opt/st/stm32cubeide_1.14.0/plugins/com.st.stm32cube.ide.mcu.externaltools.gnu-tools-for-stm32.11.3.rel1.linux64_1.1.100.202309141235/tools/bin/../lib/gcc/arm-none-eabi/11.3.1/../../../../arm-none-eabi/lib/thumb/v7e-m+fp/hard/libc_nano.a(libc_a-closer.o)
                              /opt/st/stm32cubeide_1.14.0/plugins/com.st.stm32cube.ide.mcu.externaltools.gnu-tools-for-stm32.11.3.rel1.linux64_1.1.100.202309141235/tools/bin/../lib/gcc/arm-none-eabi/11.3.1/../../../../arm-none-eabi/lib/thumb/v7e-m+fp/hard/libc_nano.a(libc_a-stdio.o) (_close_r)
[...]
Memory Configuration

Name             Origin             Length             Attributes
RAM              0x0000000020000000 0x0000000000004000 xrw
ROM              0x0000000008000000 0x0000000000010000 xr
*default*        0x0000000000000000 0xffffffffffffffff

Linker script and memory map

LOAD /opt/st/stm32cubeide_1.14.0/plugins/com.st.stm32cube.ide.mcu.externaltools.gnu-tools-for-stm32.11.3.rel1.linux64_1.1.100.202309141235/tools/bin/../lib/gcc/arm-none-eabi/11.3.1/thumb/v7e-m+fp/hard/crti.o
LOAD /opt/st/stm32cubeide_1.14.0/plugins/com.st.stm32cube.ide.mcu.externaltools.gnu-tools-for-stm32.11.3.rel1.linux64_1.1.100.202309141235/tools/bin/../lib/gcc/arm-none-eabi/11.3.1/thumb/v7e-m+fp/hard/crtbegin.o
LOAD /opt/st/stm32cubeide_1.14.0/plugins/com.st.stm32cube.ide.mcu.externaltools.gnu-tools-for-stm32.11.3.rel1.linux64_1.1.100.202309141235/tools/bin/../lib/gcc/arm-none-eabi/11.3.1/../../../../arm-none-eabi/lib/thumb/v7e-m+fp/hard/crt0.o
LOAD ./SPL/src/stm32f30x_adc.o
LOAD ./SPL/src/stm32f30x_can.o
LOAD ./SPL/src/stm32f30x_comp.o
LOAD ./SPL/src/stm32f30x_crc.o
LOAD ./SPL/src/stm32f30x_dac.o
LOAD ./SPL/src/stm32f30x_dbgmcu.o
LOAD ./SPL/src/stm32f30x_dma.o
LOAD ./SPL/src/stm32f30x_exti.o
LOAD ./SPL/src/stm32f30x_flash.o
LOAD ./SPL/src/stm32f30x_gpio.o
LOAD ./SPL/src/stm32f30x_i2c.o
LOAD ./SPL/src/stm32f30x_iwdg.o
LOAD ./SPL/src/stm32f30x_misc.o
LOAD ./SPL/src/stm32f30x_opamp.o
LOAD ./SPL/src/stm32f30x_pwr.o
LOAD ./SPL/src/stm32f30x_rcc.o
LOAD ./SPL/src/stm32f30x_rtc.o
LOAD ./SPL/src/stm32f30x_spi.o
LOAD ./SPL/src/stm32f30x_syscfg.o
LOAD ./SPL/src/stm32f30x_tim.o
LOAD ./SPL/src/stm32f30x_usart.o
LOAD ./SPL/src/stm32f30x_wwdg.o
LOAD ./Src/30010_io.o
LOAD ./Src/ansi.o
LOAD ./Src/charset.o
LOAD ./Src/main.o
LOAD ./Src/project4.o
LOAD ./Src/project5.o
LOAD ./Src/sin_lut.o
LOAD ./Src/syscalls.o
LOAD ./Src/sysmem.o
LOAD ./Src/system_stm32f30x.o
LOAD ./Src/timer.o
LOAD ./Startup/startup_stm32f302r8tx.o
START GROUP
LOAD /opt/st/stm32cubeide_1.14.0/plugins/com.st.stm32cube.ide.mcu.externaltools.gnu-tools-for-stm32.11.3.rel1.linux64_1.1.100.202309141235/tools/bin/../lib/gcc/arm-none-eabi/11.3.1/../../../../arm-none-eabi/lib/thumb/v7e-m+fp/hard/libc_nano.a
LOAD /opt/st/stm32cubeide_1.14.0/plugins/com.st.stm32cube.ide.mcu.externaltools.gnu-tools-for-stm32.11.3.rel1.linux64_1.1.100.202309141235/tools/bin/../lib/gcc/arm-none-eabi/11.3.1/../../../../arm-none-eabi/lib/thumb/v7e-m+fp/hard/libm.a
END GROUP
START GROUP
LOAD /opt/st/stm32cubeide_1.14.0/plugins/com.st.stm32cube.ide.mcu.externaltools.gnu-tools-for-stm32.11.3.rel1.linux64_1.1.100.202309141235/tools/bin/../lib/gcc/arm-none-eabi/11.3.1/thumb/v7e-m+fp/hard/libgcc.a
LOAD /opt/st/stm32cubeide_1.14.0/plugins/com.st.stm32cube.ide.mcu.externaltools.gnu-tools-for-stm32.11.3.rel1.linux64_1.1.100.202309141235/tools/bin/../lib/gcc/arm-none-eabi/11.3.1/../../../../arm-none-eabi/lib/thumb/v7e-m+fp/hard/libc_nano.a
END GROUP
START GROUP
LOAD /opt/st/stm32cubeide_1.14.0/plugins/com.st.stm32cube.ide.mcu.externaltools.gnu-tools-for-stm32.11.3.rel1.linux64_1.1.100.202309141235/tools/bin/../lib/gcc/arm-none-eabi/11.3.1/thumb/v7e-m+fp/hard/libgcc.a
LOAD /opt/st/stm32cubeide_1.14.0/plugins/com.st.stm32cube.ide.mcu.externaltools.gnu-tools-for-stm32.11.3.rel1.linux64_1.1.100.202309141235/tools/bin/../lib/gcc/arm-none-eabi/11.3.1/../../../../arm-none-eabi/lib/thumb/v7e-m+fp/hard/libc_nano.a
LOAD /opt/st/stm32cubeide_1.14.0/plugins/com.st.stm32cube.ide.mcu.externaltools.gnu-tools-for-stm32.11.3.rel1.linux64_1.1.100.202309141235/tools/bin/../lib/gcc/arm-none-eabi/11.3.1/../../../../arm-none-eabi/lib/thumb/v7e-m+fp/hard/libnosys.a
END GROUP
START GROUP
LOAD /opt/st/stm32cubeide_1.14.0/plugins/com.st.stm32cube.ide.mcu.externaltools.gnu-tools-for-stm32.11.3.rel1.linux64_1.1.100.202309141235/tools/bin/../lib/gcc/arm-none-eabi/11.3.1/thumb/v7e-m+fp/hard/libgcc.a
LOAD /opt/st/stm32cubeide_1.14.0/plugins/com.st.stm32cube.ide.mcu.externaltools.gnu-tools-for-stm32.11.3.rel1.linux64_1.1.100.202309141235/tools/bin/../lib/gcc/arm-none-eabi/11.3.1/../../../../arm-none-eabi/lib/thumb/v7e-m+fp/hard/libc_nano.a
LOAD /opt/st/stm32cubeide_1.14.0/plugins/com.st.stm32cube.ide.mcu.externaltools.gnu-tools-for-stm32.11.3.rel1.linux64_1.1.100.202309141235/tools/bin/../lib/gcc/arm-none-eabi/11.3.1/../../../../arm-none-eabi/lib/thumb/v7e-m+fp/hard/libnosys.a
END GROUP
LOAD /opt/st/stm32cubeide_1.14.0/plugins/com.st.stm32cube.ide.mcu.externaltools.gnu-tools-for-stm32.11.3.rel1.linux64_1.1.100.202309141235/tools/bin/../lib/gcc/arm-none-eabi/11.3.1/thumb/v7e-m+fp/hard/crtend.o
LOAD /opt/st/stm32cubeide_1.14.0/plugins/com.st.stm32cube.ide.mcu.externaltools.gnu-tools-for-stm32.11.3.rel1.linux64_1.1.100.202309141235/tools/bin/../lib/gcc/arm-none-eabi/11.3.1/thumb/v7e-m+fp/hard/crtn.o
                0x0000000020004000                _estack = (ORIGIN (RAM) + LENGTH (RAM))
                0x0000000000000200                _Min_Heap_Size = 0x200
                0x0000000000000400                _Min_Stack_Size = 0x400

.isr_vector     0x0000000008000000      0x188
                0x0000000008000000                . = ALIGN (0x4)
 *(.isr_vector)
 .isr_vector    0x0000000008000000      0x188 ./Startup/startup_stm32f302r8tx.o
                0x0000000008000000                g_pfnVectors
                0x0000000008000188                . = ALIGN (0x4)

.text           0x0000000008000188     0x1d70
                0x0000000008000188                . = ALIGN (0x4)
 *(.text)
 .text          0x0000000008000188       0x40 /opt/st/stm32cubeide_1.14.0/plugins/com.st.stm32cube.ide.mcu.externaltools.gnu-tools-for-stm32.11.3.rel1.linux64_1.1.100.202309141235/tools/bin/../lib/gcc/arm-none-eabi/11.3.1/thumb/v7e-m+fp/hard/crtbegin.o
 .text          0x00000000080001c8       0x10 /opt/st/stm32cubeide_1.14.0/plugins/com.st.stm32cube.ide.mcu.externaltools.gnu-tools-for-stm32.11.3.rel1.linux64_1.1.100.202309141235/tools/bin/../lib/gcc/arm-none-eabi/11.3.1/../../../../arm-none-eabi/lib/thumb/v7e-m+fp/hard/libc_nano.a(libc_a-strlen.o)
                0x00000000080001c8                strlen
 *(.text*)
 .text.RCC_GetClocksFreq
                0x00000000080001d8      0x428 ./SPL/src/stm32f30x_rcc.o
                0x00000000080001d8                RCC_GetClocksFreq
 .text.SPI_SendData8
                0x0000000008000600       0x2c ./SPL/src/stm32f30x_spi.o
                0x0000000008000600                SPI_SendData8
 .text.SPI_I2S_GetFlagStatus
                0x000000000800062c       0x38 ./SPL/src/stm32f30x_spi.o
                0x000000000800062c                SPI_I2S_GetFlagStatus
 .text.USART_SendData
                0x0000000008000664       0x24 ./SPL/src/stm32f30x_usart.o
                0x0000000008000664                USART_SendData
 .text.USART_ITConfig
                0x0000000008000688       0x84 ./SPL/src/stm32f30x_usart.o
                0x0000000008000688                USART_ITConfig
 .text.USART_GetFlagStatus
                0x000000000800070c       0x32 ./SPL/src/stm32f30x_usart.o
                0x000000000800070c                USART_GetFlagStatus
 .text.USART_GetITStatus
                0x000000000800073e       0xa0 ./SPL/src/stm32f30x_usart.o
                0x000000000800073e                USART_GetITStatus
 *fill*         0x00000000080007de        0x2 
 .text.NVIC_EnableIRQ
                0x00000000080007e0       0x34 ./Src/30010_io.o
 .text.uart_put_char
                0x0000000008000814       0x34 ./Src/30010_io.o
                0x0000000008000814                uart_put_char
 .text._write_r
                0x0000000008000848       0x4c ./Src/30010_io.o
                0x0000000008000848                _write_r
 .text.USART2_IRQHandler
                0x0000000008000894       0x74 ./Src/30010_io.o
                0x0000000008000894                USART2_IRQHandler
 .text.uart_init
                0x0000000008000908      0x234 ./Src/30010_io.o
                0x0000000008000908                uart_init
 .text.lcd_transmit_byte
                0x0000000008000b3c       0x64 ./Src/30010_io.o
                0x0000000008000b3c                lcd_transmit_byte
 .text.lcd_push_buffer
                0x0000000008000ba0      0x186 ./Src/30010_io.o
                0x0000000008000ba0                lcd_push_buffer
 *fill*         0x0000000008000d26        0x2 
 .text.lcd_reset
                0x0000000008000d28       0xe0 ./Src/30010_io.o
                0x0000000008000d28                lcd_reset
 .text.lcd_init
                0x0000000008000e08      0x2b8 ./Src/30010_io.o
                0x0000000008000e08                lcd_init
 .text.displayString
                0x00000000080010c0      0x198 ./Src/charset.o
                0x00000000080010c0                displayString
 .text.TIM1_BRK_TIM15_IRQHandler
                0x0000000008001258       0x2c ./Src/main.o
                0x0000000008001258                TIM1_BRK_TIM15_IRQHandler
 .text.main     0x0000000008001284       0xc4 ./Src/main.o
                0x0000000008001284                main
 .text.setup    0x0000000008001348      0x100 ./Src/project5.o
                0x0000000008001348                setup
 .text._read    0x0000000008001448       0x3a ./Src/syscalls.o
                0x0000000008001448                _read
 .text._close   0x0000000008001482       0x18 ./Src/syscalls.o
                0x0000000008001482                _close
 .text._fstat   0x000000000800149a       0x20 ./Src/syscalls.o
                0x000000000800149a                _fstat
 .text._lseek   0x00000000080014ba       0x1a ./Src/syscalls.o
                0x00000000080014ba                _lseek
 .text._sbrk    0x00000000080014d4       0x58 ./Src/sysmem.o
                0x00000000080014d4                _sbrk
 .text.SystemInit
                0x000000000800152c       0x94 ./Src/system_stm32f30x.o
                0x000000000800152c                SystemInit
 .text.SetSysClock
                0x00000000080015c0       0x94 ./Src/system_stm32f30x.o
 .text.Reset_Handler
                0x0000000008001654       0x50 ./Startup/startup_stm32f302r8tx.o
                0x0000000008001654                Reset_Handler
 .text.Default_Handler
                0x00000000080016a4        0x2 ./Startup/startup_stm32f302r8tx.o
                0x00000000080016a4                TIM8_TRG_COM_IRQHandler
                0x00000000080016a4                TIM8_CC_IRQHandler
                0x00000000080016a4                DebugMon_Handler
                0x00000000080016a4                DMA1_CH4_IRQHandler
                0x00000000080016a4                TIM1_CC_IRQHandler
                0x00000000080016a4                HardFault_Handler
                0x00000000080016a4                USB_HP_IRQHandler
                0x00000000080016a4                I2C2_EV_EXTI24_IRQHandler
                0x00000000080016a4                SysTick_Handler
                0x00000000080016a4                USB_WKUP_EXTI_IRQHandler
                0x00000000080016a4                PVD_IRQHandler
                0x00000000080016a4                UART4_EXTI34_IRQHandler
                0x00000000080016a4                TAMP_STAMP_IRQHandler
                0x00000000080016a4                PendSV_Handler
                0x00000000080016a4                NMI_Handler
                0x00000000080016a4                EXTI3_IRQHandler
                0x00000000080016a4                TIM6_DACUNDER_IRQHandler
                0x00000000080016a4                USB_HP_CAN_TX_IRQHandler
                0x00000000080016a4                EXTI0_IRQHandler
                0x00000000080016a4                DMA2_CH1_IRQHandler
                0x00000000080016a4                FPU_IRQHandler
                0x00000000080016a4                TIM1_UP_TIM16_IRQHandler
                0x00000000080016a4                UsageFault_Handler
                0x00000000080016a4                ADC1_2_IRQHandler
                0x00000000080016a4                SPI1_IRQHandler
                0x00000000080016a4                CAN_SCE_IRQHandler
                0x00000000080016a4                DMA1_CH7_IRQHandler
                0x00000000080016a4                TIM8_UP_IRQHandler
                0x00000000080016a4                DMA1_CH6_IRQHandler
                0x00000000080016a4                ADC3_IRQHandler
                0x00000000080016a4                TIM4_IRQHandler
                0x00000000080016a4                CAN_RX1_IRQHandler
                0x00000000080016a4                USART1_EXTI25_IRQHandler
                0x00000000080016a4                DMA2_CH5_IRQHandler
                0x00000000080016a4                I2C1_EV_EXTI23_IRQHandler
                0x00000000080016a4                DMA1_CH3_IRQHandler
                0x00000000080016a4                TIM3_IRQHandler
                0x00000000080016a4                RCC_IRQHandler
                0x00000000080016a4                Default_Handler
                0x00000000080016a4                EXTI15_10_IRQHandler
                0x00000000080016a4                USART2_EXTI26_IRQHandler
                0x00000000080016a4                USART3_EXTI28_IRQHandler
                0x00000000080016a4                TIM7_IRQHandler
                0x00000000080016a4                EXTI9_5_IRQHandler
                0x00000000080016a4                DMA1_CH2_IRQHandler
                0x00000000080016a4                RTC_WKUP_IRQHandler
                0x00000000080016a4                SPI2_IRQHandler
                0x00000000080016a4                DMA1_CH1_IRQHandler
                0x00000000080016a4                USB_LP_CAN_RX0_IRQHandler
                0x00000000080016a4                MemManage_Handler
                0x00000000080016a4                SVC_Handler
                0x00000000080016a4                USB_LP_IRQHandler
                0x00000000080016a4                EXTI4_IRQHandler
                0x00000000080016a4                TIM1_TRG_COM_TIM17_IRQHandler
                0x00000000080016a4                ADC4_IRQHandler
                0x00000000080016a4                WWDG_IRQHandler
                0x00000000080016a4                TIM2_IRQHandler
                0x00000000080016a4                EXTI1_IRQHandler
                0x00000000080016a4                RTCAlarm_IRQHandler
                0x00000000080016a4                UART5_EXTI35_IRQHandler
                0x00000000080016a4                I2C2_ER_IRQHandler
                0x00000000080016a4                TIM8_BRK_IRQHandler
                0x00000000080016a4                FLASH_IRQHandler
                0x00000000080016a4                BusFault_Handler
                0x00000000080016a4                SPI3_IRQHandler
                0x00000000080016a4                DMA2_CH3_IRQHandler
                0x00000000080016a4                DMA2_CH2_IRQHandler
                0x00000000080016a4                I2C1_ER_IRQHandler
                0x00000000080016a4                FMC_IRQHandler
                0x00000000080016a4                DMA1_CH5_IRQHandler
                0x00000000080016a4                DMA2_CH4_IRQHandler
                0x00000000080016a4                USB_WKUP_IRQHandler
                0x00000000080016a4                EXTI2_TSC_IRQHandler
 *fill*         0x00000000080016a6        0x2 
 .text.std      0x00000000080016a8       0x6c /opt/st/stm32cubeide_1.14.0/plugins/com.st.stm32cube.ide.mcu.externaltools.gnu-tools-for-stm32.11.3.rel1.linux64_1.1.100.202309141235/tools/bin/../lib/gcc/arm-none-eabi/11.3.1/../../../../arm-none-eabi/lib/thumb/v7e-m+fp/hard/libc_nano.a(libc_a-findfp.o)
 .text.stdio_exit_handler
                0x0000000008001714       0x18 /opt/st/stm32cubeide_1.14.0/plugins/com.st.stm32cube.ide.mcu.externaltools.gnu-tools-for-stm32.11.3.rel1.linux64_1.1.100.202309141235/tools/bin/../lib/gcc/arm-none-eabi/11.3.1/../../../../arm-none-eabi/lib/thumb/v7e-m+fp/hard/libc_nano.a(libc_a-findfp.o)
 .text.cleanup_stdio
                0x000000000800172c       0x40 /opt/st/stm32cubeide_1.14.0/plugins/com.st.stm32cube.ide.mcu.externaltools.gnu-tools-for-stm32.11.3.rel1.linux64_1.1.100.202309141235/tools/bin/../lib/gcc/arm-none-eabi/11.3.1/../../../../arm-none-eabi/lib/thumb/v7e-m+fp/hard/libc_nano.a(libc_a-findfp.o)
 .text.global_stdio_init.part.0
                0x000000000800176c       0x3c /opt/st/stm32cubeide_1.14.0/plugins/com.st.stm32cube.ide.mcu.externaltools.gnu-tools-for-stm32.11.3.rel1.linux64_1.1.100.202309141235/tools/bin/../lib/gcc/arm-none-eabi/11.3.1/../../../../arm-none-eabi/lib/thumb/v7e-m+fp/hard/libc_nano.a(libc_a-findfp.o)
 .text.__sfp_lock_acquire
                0x00000000080017a8        0xc /opt/st/stm32cubeide_1.14.0/plugins/com.st.stm32cube.ide.mcu.externaltools.gnu-tools-for-stm32.11.3.rel1.linux64_1.1.100.202309141235/tools/bin/../lib/gcc/arm-none-eabi/11.3.1/../../../../arm-none-eabi/lib/thumb/v7e-m+fp/hard/libc_nano.a(libc_a-findfp.o)
                0x00000000080017a8                __sfp_lock_acquire
 .text.__sfp_lock_release
                0x00000000080017b4        0xc /opt/st/stm32cubeide_1.14.0/plugins/com.st.stm32cube.ide.mcu.externaltools.gnu-tools-for-stm32.11.3.rel1.linux64_1.1.100.202309141235/tools/bin/../lib/gcc/arm-none-eabi/11.3.1/../../../../arm-none-eabi/lib/thumb/v7e-m+fp/hard/libc_nano.a(libc_a-findfp.o)
                0x00000000080017b4                __sfp_lock_release
 .text.__sinit  0x00000000080017c0       0x30 /opt/st/stm32cubeide_1.14.0/plugins/com.st.stm32cube.ide.mcu.externaltools.gnu-tools-for-stm32.11.3.rel1.linux64_1.1.100.202309141235/tools/bin/../lib/gcc/arm-none-eabi/11.3.1/../../../../arm-none-eabi/lib/thumb/v7e-m+fp/hard/libc_nano.a(libc_a-findfp.o)
                0x00000000080017c0                __sinit
 .text._fwalk_sglue
                0x00000000080017f0       0x3c /opt/st/stm32cubeide_1.14.0/plugins/com.st.stm32cube.ide.mcu.externaltools.gnu-tools-for-stm32.11.3.rel1.linux64_1.1.100.202309141235/tools/bin/../lib/gcc/arm-none-eabi/11.3.1/../../../../arm-none-eabi/lib/thumb/v7e-m+fp/hard/libc_nano.a(libc_a-fwalk.o)
                0x00000000080017f0                _fwalk_sglue
 .text.setbuf   0x000000000800182c       0x10 /opt/st/stm32cubeide_1.14.0/plugins/com.st.stm32cube.ide.mcu.externaltools.gnu-tools-for-stm32.11.3.rel1.linux64_1.1.100.202309141235/tools/bin/../lib/gcc/arm-none-eabi/11.3.1/../../../../arm-none-eabi/lib/thumb/v7e-m+fp/hard/libc_nano.a(libc_a-setbuf.o)
                0x000000000800182c                setbuf
 .text.setvbuf  0x000000000800183c      0x15c /opt/st/stm32cubeide_1.14.0/plugins/com.st.stm32cube.ide.mcu.externaltools.gnu-tools-for-stm32.11.3.rel1.linux64_1.1.100.202309141235/tools/bin/../lib/gcc/arm-none-eabi/11.3.1/../../../../arm-none-eabi/lib/thumb/v7e-m+fp/hard/libc_nano.a(libc_a-setvbuf.o)
                0x000000000800183c                setvbuf
 .text.__sread  0x0000000008001998       0x22 /opt/st/stm32cubeide_1.14.0/plugins/com.st.stm32cube.ide.mcu.externaltools.gnu-tools-for-stm32.11.3.rel1.linux64_1.1.100.202309141235/tools/bin/../lib/gcc/arm-none-eabi/11.3.1/../../../../arm-none-eabi/lib/thumb/v7e-m+fp/hard/libc_nano.a(libc_a-stdio.o)
                0x0000000008001998                __sread
 .text.__swrite
                0x00000000080019ba       0x38 /opt/st/stm32cubeide_1.14.0/plugins/com.st.stm32cube.ide.mcu.externaltools.gnu-tools-for-stm32.11.3.rel1.linux64_1.1.100.202309141235/tools/bin/../lib/gcc/arm-none-eabi/11.3.1/../../../../arm-none-eabi/lib/thumb/v7e-m+fp/hard/libc_nano.a(libc_a-stdio.o)
                0x00000000080019ba                __swrite
 .text.__sseek  0x00000000080019f2       0x24 /opt/st/stm32cubeide_1.14.0/plugins/com.st.stm32cube.ide.mcu.externaltools.gnu-tools-for-stm32.11.3.rel1.linux64_1.1.100.202309141235/tools/bin/../lib/gcc/arm-none-eabi/11.3.1/../../../../arm-none-eabi/lib/thumb/v7e-m+fp/hard/libc_nano.a(libc_a-stdio.o)
                0x00000000080019f2                __sseek
 .text.__sclose
                0x0000000008001a16        0x8 /opt/st/stm32cubeide_1.14.0/plugins/com.st.stm32cube.ide.mcu.externaltools.gnu-tools-for-stm32.11.3.rel1.linux64_1.1.100.202309141235/tools/bin/../lib/gcc/arm-none-eabi/11.3.1/../../../../arm-none-eabi/lib/thumb/v7e-m+fp/hard/libc_nano.a(libc_a-stdio.o)
                0x0000000008001a16                __sclose
 .text.memset   0x0000000008001a1e       0x10 /opt/st/stm32cubeide_1.14.0/plugins/com.st.stm32cube.ide.mcu.externaltools.gnu-tools-for-stm32.11.3.rel1.linux64_1.1.100.202309141235/tools/bin/../lib/gcc/arm-none-eabi/11.3.1/../../../../arm-none-eabi/lib/thumb/v7e-m+fp/hard/libc_nano.a(libc_a-memset.o)
                0x0000000008001a1e                memset
 *fill*         0x0000000008001a2e        0x2 
 .text._close_r
                0x0000000008001a30       0x20 /opt/st/stm32cubeide_1.14.0/plugins/com.st.stm32cube.ide.mcu.externaltools.gnu-tools-for-stm32.11.3.rel1.linux64_1.1.100.202309141235/tools/bin/../lib/gcc/arm-none-eabi/11.3.1/../../../../arm-none-eabi/lib/thumb/v7e-m+fp/hard/libc_nano.a(libc_a-closer.o)
                0x0000000008001a30                _close_r
 .text._lseek_r
                0x0000000008001a50       0x24 /opt/st/stm32cubeide_1.14.0/plugins/com.st.stm32cube.ide.mcu.externaltools.gnu-tools-for-stm32.11.3.rel1.linux64_1.1.100.202309141235/tools/bin/../lib/gcc/arm-none-eabi/11.3.1/../../../../arm-none-eabi/lib/thumb/v7e-m+fp/hard/libc_nano.a(libc_a-lseekr.o)
                0x0000000008001a50                _lseek_r
 .text._read_r  0x0000000008001a74       0x24 /opt/st/stm32cubeide_1.14.0/plugins/com.st.stm32cube.ide.mcu.externaltools.gnu-tools-for-stm32.11.3.rel1.linux64_1.1.100.202309141235/tools/bin/../lib/gcc/arm-none-eabi/11.3.1/../../../../arm-none-eabi/lib/thumb/v7e-m+fp/hard/libc_nano.a(libc_a-readr.o)
                0x0000000008001a74                _read_r
 .text.__errno  0x0000000008001a98        0xc /opt/st/stm32cubeide_1.14.0/plugins/com.st.stm32cube.ide.mcu.externaltools.gnu-tools-for-stm32.11.3.rel1.linux64_1.1.100.202309141235/tools/bin/../lib/gcc/arm-none-eabi/11.3.1/../../../../arm-none-eabi/lib/thumb/v7e-m+fp/hard/libc_nano.a(libc_a-errno.o)
                0x0000000008001a98                __errno
 .text.__libc_init_array
                0x0000000008001aa4       0x48 /opt/st/stm32cubeide_1.14.0/plugins/com.st.stm32cube.ide.mcu.externaltools.gnu-tools-for-stm32.11.3.rel1.linux64_1.1.100.202309141235/tools/bin/../lib/gcc/arm-none-eabi/11.3.1/../../../../arm-none-eabi/lib/thumb/v7e-m+fp/hard/libc_nano.a(libc_a-init.o)
                0x0000000008001aa4                __libc_init_array
 .text.__retarget_lock_init_recursive
                0x0000000008001aec        0x2 /opt/st/stm32cubeide_1.14.0/plugins/com.st.stm32cube.ide.mcu.externaltools.gnu-tools-for-stm32.11.3.rel1.linux64_1.1.100.202309141235/tools/bin/../lib/gcc/arm-none-eabi/11.3.1/../../../../arm-none-eabi/lib/thumb/v7e-m+fp/hard/libc_nano.a(libc_a-lock.o)
                0x0000000008001aec                __retarget_lock_init_recursive
 .text.__retarget_lock_acquire_recursive
                0x0000000008001aee        0x2 /opt/st/stm32cubeide_1.14.0/plugins/com.st.stm32cube.ide.mcu.externaltools.gnu-tools-for-stm32.11.3.rel1.linux64_1.1.100.202309141235/tools/bin/../lib/gcc/arm-none-eabi/11.3.1/../../../../arm-none-eabi/lib/thumb/v7e-m+fp/hard/libc_nano.a(libc_a-lock.o)
                0x0000000008001aee                __retarget_lock_acquire_recursive
 .text.__retarget_lock_release_recursive
                0x0000000008001af0        0x2 /opt/st/stm32cubeide_1.14.0/plugins/com.st.stm32cube.ide.mcu.externaltools.gnu-tools-for-stm32.11.3.rel1.linux64_1.1.100.202309141235/tools/bin/../lib/gcc/arm-none-eabi/11.3.1/../../../../arm-none-eabi/lib/thumb/v7e-m+fp/hard/libc_nano.a(libc_a-lock.o)
                0x0000000008001af0                __retarget_lock_release_recursive
 *fill*         0x0000000008001af2        0x2 
 .text._free_r  0x0000000008001af4       0x98 /opt/st/stm32cubeide_1.14.0/plugins/com.st.stm32cube.ide.mcu.externaltools.gnu-tools-for-stm32.11.3.rel1.linux64_1.1.100.202309141235/tools/bin/../lib/gcc/arm-none-eabi/11.3.1/../../../../arm-none-eabi/lib/thumb/v7e-m+fp/hard/libc_nano.a(libc_a-freer.o)
                0x0000000008001af4                _free_r
 .text.malloc   0x0000000008001b8c       0x10 /opt/st/stm32cubeide_1.14.0/plugins/com.st.stm32cube.ide.mcu.externaltools.gnu-tools-for-stm32.11.3.rel1.linux64_1.1.100.202309141235/tools/bin/../lib/gcc/arm-none-eabi/11.3.1/../../../../arm-none-eabi/lib/thumb/v7e-m+fp/hard/libc_nano.a(libc_a-malloc.o)
                0x0000000008001b8c                malloc
 .text.sbrk_aligned
                0x0000000008001b9c       0x40 /opt/st/stm32cubeide_1.14.0/plugins/com.st.stm32cube.ide.mcu.externaltools.gnu-tools-for-stm32.11.3.rel1.linux64_1.1.100.202309141235/tools/bin/../lib/gcc/arm-none-eabi/11.3.1/../../../../arm-none-eabi/lib/thumb/v7e-m+fp/hard/libc_nano.a(libc_a-mallocr.o)
 .text._malloc_r
                0x0000000008001bdc      0x100 /opt/st/stm32cubeide_1.14.0/plugins/com.st.stm32cube.ide.mcu.externaltools.gnu-tools-for-stm32.11.3.rel1.linux64_1.1.100.202309141235/tools/bin/../lib/gcc/arm-none-eabi/11.3.1/../../../../arm-none-eabi/lib/thumb/v7e-m+fp/hard/libc_nano.a(libc_a-mallocr.o)
                0x0000000008001bdc                _malloc_r
 .text.__malloc_lock
                0x0000000008001cdc        0xc /opt/st/stm32cubeide_1.14.0/plugins/com.st.stm32cube.ide.mcu.externaltools.gnu-tools-for-stm32.11.3.rel1.linux64_1.1.100.202309141235/tools/bin/../lib/gcc/arm-none-eabi/11.3.1/../../../../arm-none-eabi/lib/thumb/v7e-m+fp/hard/libc_nano.a(libc_a-mlock.o)
                0x0000000008001cdc                __malloc_lock
 .text.__malloc_unlock
                0x0000000008001ce8        0xc /opt/st/stm32cubeide_1.14.0/plugins/com.st.stm32cube.ide.mcu.externaltools.gnu-tools-for-stm32.11.3.rel1.linux64_1.1.100.202309141235/tools/bin/../lib/gcc/arm-none-eabi/11.3.1/../../../../arm-none-eabi/lib/thumb/v7e-m+fp/hard/libc_nano.a(libc_a-mlock.o)
                0x0000000008001ce8                __malloc_unlock
 .text.__sflush_r
                0x0000000008001cf4      0x10c /opt/st/stm32cubeide_1.14.0/plugins/com.st.stm32cube.ide.mcu.externaltools.gnu-tools-for-stm32.11.3.rel1.linux64_1.1.100.202309141235/tools/bin/../lib/gcc/arm-none-eabi/11.3.1/../../../../arm-none-eabi/lib/thumb/v7e-m+fp/hard/libc_nano.a(libc_a-fflush.o)
                0x0000000008001cf4                __sflush_r
 .text._fflush_r
                0x0000000008001e00       0x50 /opt/st/stm32cubeide_1.14.0/plugins/com.st.stm32cube.ide.mcu.externaltools.gnu-tools-for-stm32.11.3.rel1.linux64_1.1.100.202309141235/tools/bin/../lib/gcc/arm-none-eabi/11.3.1/../../../../arm-none-eabi/lib/thumb/v7e-m+fp/hard/libc_nano.a(libc_a-fflush.o)
                0x0000000008001e00                _fflush_r
 .text.__swhatbuf_r
                0x0000000008001e50       0x4c /opt/st/stm32cubeide_1.14.0/plugins/com.st.stm32cube.ide.mcu.externaltools.gnu-tools-for-stm32.11.3.rel1.linux64_1.1.100.202309141235/tools/bin/../lib/gcc/arm-none-eabi/11.3.1/../../../../arm-none-eabi/lib/thumb/v7e-m+fp/hard/libc_nano.a(libc_a-makebuf.o)
                0x0000000008001e50                __swhatbuf_r
 .text._fstat_r
                0x0000000008001e9c       0x24 /opt/st/stm32cubeide_1.14.0/plugins/com.st.stm32cube.ide.mcu.externaltools.gnu-tools-for-stm32.11.3.rel1.linux64_1.1.100.202309141235/tools/bin/../lib/gcc/arm-none-eabi/11.3.1/../../../../arm-none-eabi/lib/thumb/v7e-m+fp/hard/libc_nano.a(libc_a-fstatr.o)
                0x0000000008001e9c                _fstat_r
 .text._sbrk_r  0x0000000008001ec0       0x20 /opt/st/stm32cubeide_1.14.0/plugins/com.st.stm32cube.ide.mcu.externaltools.gnu-tools-for-stm32.11.3.rel1.linux64_1.1.100.202309141235/tools/bin/../lib/gcc/arm-none-eabi/11.3.1/../../../../arm-none-eabi/lib/thumb/v7e-m+fp/hard/libc_nano.a(libc_a-sbrkr.o)
                0x0000000008001ec0                _sbrk_r
 *(.glue_7)
 .glue_7        0x0000000008001ee0        0x0 linker stubs
 *(.glue_7t)
 .glue_7t       0x0000000008001ee0        0x0 linker stubs
 *(.eh_frame)
 .eh_frame      0x0000000008001ee0        0x0 /opt/st/stm32cubeide_1.14.0/plugins/com.st.stm32cube.ide.mcu.externaltools.gnu-tools-for-stm32.11.3.rel1.linux64_1.1.100.202309141235/tools/bin/../lib/gcc/arm-none-eabi/11.3.1/thumb/v7e-m+fp/hard/crtbegin.o
 *(.init)
 .init          0x0000000008001ee0        0x4 /opt/st/stm32cubeide_1.14.0/plugins/com.st.stm32cube.ide.mcu.externaltools.gnu-tools-for-stm32.11.3.rel1.linux64_1.1.100.202309141235/tools/bin/../lib/gcc/arm-none-eabi/11.3.1/thumb/v7e-m+fp/hard/crti.o
                0x0000000008001ee0                _init
 .init          0x0000000008001ee4        0x8 /opt/st/stm32cubeide_1.14.0/plugins/com.st.stm32cube.ide.mcu.externaltools.gnu-tools-for-stm32.11.3.rel1.linux64_1.1.100.202309141235/tools/bin/../lib/gcc/arm-none-eabi/11.3.1/thumb/v7e-m+fp/hard/crtn.o
 *(.fini)
 .fini          0x0000000008001eec        0x4 /opt/st/stm32cubeide_1.14.0/plugins/com.st.stm32cube.ide.mcu.externaltools.gnu-tools-for-stm32.11.3.rel1.linux64_1.1.100.202309141235/tools/bin/../lib/gcc/arm-none-eabi/11.3.1/thumb/v7e-m+fp/hard/crti.o
                0x0000000008001eec                _fini
 .fini          0x0000000008001ef0        0x8 /opt/st/stm32cubeide_1.14.0/plugins/com.st.stm32cube.ide.mcu.externaltools.gnu-tools-for-stm32.11.3.rel1.linux64_1.1.100.202309141235/tools/bin/../lib/gcc/arm-none-eabi/11.3.1/thumb/v7e-m+fp/hard/crtn.o
                0x0000000008001ef8                . = ALIGN (0x4)
                0x0000000008001ef8                _etext = .

.vfp11_veneer   0x0000000008001ef8        0x0
 .vfp11_veneer  0x0000000008001ef8        0x0 linker stubs

.v4_bx          0x0000000008001ef8        0x0
 .v4_bx         0x0000000008001ef8        0x0 linker stubs

.iplt           0x0000000008001ef8        0x0
 .iplt          0x0000000008001ef8        0x0 /opt/st/stm32cubeide_1.14.0/plugins/com.st.stm32cube.ide.mcu.externaltools.gnu-tools-for-stm32.11.3.rel1.linux64_1.1.100.202309141235/tools/bin/../lib/gcc/arm-none-eabi/11.3.1/thumb/v7e-m+fp/hard/crtbegin.o

.rodata         0x0000000008001ef8      0x208
                0x0000000008001ef8                . = ALIGN (0x4)
 *(.rodata)
 .rodata        0x0000000008001ef8       0x2b ./Src/main.o
 *(.rodata*)
 *fill*         0x0000000008001f23        0x1 
 .rodata.character_data
                0x0000000008001f24      0x1db ./Src/charset.o
                0x0000000008001f24                character_data
                0x0000000008002100                . = ALIGN (0x4)
 *fill*         0x00000000080020ff        0x1 

.rel.dyn        0x0000000008002100        0x0
 .rel.iplt      0x0000000008002100        0x0 /opt/st/stm32cubeide_1.14.0/plugins/com.st.stm32cube.ide.mcu.externaltools.gnu-tools-for-stm32.11.3.rel1.linux64_1.1.100.202309141235/tools/bin/../lib/gcc/arm-none-eabi/11.3.1/thumb/v7e-m+fp/hard/crtbegin.o

.ARM.extab      0x0000000008002100        0x0
                0x0000000008002100                . = ALIGN (0x4)
 *(.ARM.extab* .gnu.linkonce.armextab.*)
                0x0000000008002100                . = ALIGN (0x4)

.ARM            0x0000000008002100        0x0
                0x0000000008002100                . = ALIGN (0x4)
                0x0000000008002100                __exidx_start = .
 *(.ARM.exidx*)
                0x0000000008002100                __exidx_end = .
                0x0000000008002100                . = ALIGN (0x4)

.preinit_array  0x0000000008002100        0x0
                0x0000000008002100                . = ALIGN (0x4)
                0x0000000008002100                PROVIDE (__preinit_array_start = .)
 *(.preinit_array*)
                0x0000000008002100                PROVIDE (__preinit_array_end = .)
                0x0000000008002100                . = ALIGN (0x4)

.init_array     0x0000000008002100        0x4
                0x0000000008002100                . = ALIGN (0x4)
                0x0000000008002100                PROVIDE (__init_array_start = .)
 *(SORT_BY_NAME(.init_array.*))
 *(.init_array*)
 .init_array    0x0000000008002100        0x4 /opt/st/stm32cubeide_1.14.0/plugins/com.st.stm32cube.ide.mcu.externaltools.gnu-tools-for-stm32.11.3.rel1.linux64_1.1.100.202309141235/tools/bin/../lib/gcc/arm-none-eabi/11.3.1/thumb/v7e-m+fp/hard/crtbegin.o
                0x0000000008002104                PROVIDE (__init_array_end = .)
                0x0000000008002104                . = ALIGN (0x4)

.fini_array     0x0000000008002104        0x4
                0x0000000008002104                . = ALIGN (0x4)
                [!provide]                        PROVIDE (__fini_array_start = .)
 *(SORT_BY_NAME(.fini_array.*))
 *(.fini_array*)
 .fini_array    0x0000000008002104        0x4 /opt/st/stm32cubeide_1.14.0/plugins/com.st.stm32cube.ide.mcu.externaltools.gnu-tools-for-stm32.11.3.rel1.linux64_1.1.100.202309141235/tools/bin/../lib/gcc/arm-none-eabi/11.3.1/thumb/v7e-m+fp/hard/crtbegin.o
                [!provide]                        PROVIDE (__fini_array_end = .)
                0x0000000008002108                . = ALIGN (0x4)
                0x0000000008002108                _sidata = LOADADDR (.data)

.data           0x0000000020000000       0x88 load address 0x0000000008002108
                0x0000000020000000                . = ALIGN (0x4)
                0x0000000020000000                _sdata = .
 *(.data)
 *(.data*)
 .data.APBAHBPrescTable
                0x0000000020000000       0x10 ./SPL/src/stm32f30x_rcc.o
 .data.ADCPrescTable
                0x0000000020000010       0x1a ./SPL/src/stm32f30x_rcc.o
 *fill*         0x000000002000002a        0x2 
 .data.__sglue  0x000000002000002c        0xc /opt/st/stm32cubeide_1.14.0/plugins/com.st.stm32cube.ide.mcu.externaltools.gnu-tools-for-stm32.11.3.rel1.linux64_1.1.100.202309141235/tools/bin/../lib/gcc/arm-none-eabi/11.3.1/../../../../arm-none-eabi/lib/thumb/v7e-m+fp/hard/libc_nano.a(libc_a-findfp.o)
                0x000000002000002c                __sglue
 .data._impure_data
                0x0000000020000038       0x4c /opt/st/stm32cubeide_1.14.0/plugins/com.st.stm32cube.ide.mcu.externaltools.gnu-tools-for-stm32.11.3.rel1.linux64_1.1.100.202309141235/tools/bin/../lib/gcc/arm-none-eabi/11.3.1/../../../../arm-none-eabi/lib/thumb/v7e-m+fp/hard/libc_nano.a(libc_a-impure.o)
                0x0000000020000038                _impure_data
 .data._impure_ptr
                0x0000000020000084        0x4 /opt/st/stm32cubeide_1.14.0/plugins/com.st.stm32cube.ide.mcu.externaltools.gnu-tools-for-stm32.11.3.rel1.linux64_1.1.100.202309141235/tools/bin/../lib/gcc/arm-none-eabi/11.3.1/../../../../arm-none-eabi/lib/thumb/v7e-m+fp/hard/libc_nano.a(libc_a-impure.o)
                0x0000000020000084                _impure_ptr
                0x0000000020000088                . = ALIGN (0x4)
                0x0000000020000088                _edata = .

.igot.plt       0x0000000020000088        0x0 load address 0x0000000008002190
 .igot.plt      0x0000000020000088        0x0 /opt/st/stm32cubeide_1.14.0/plugins/com.st.stm32cube.ide.mcu.externaltools.gnu-tools-for-stm32.11.3.rel1.linux64_1.1.100.202309141235/tools/bin/../lib/gcc/arm-none-eabi/11.3.1/thumb/v7e-m+fp/hard/crtbegin.o
                0x0000000020000088                . = ALIGN (0x4)

.bss            0x0000000020000088      0x274 load address 0x0000000008002190
                0x0000000020000088                _sbss = .
                0x0000000020000088                __bss_start__ = _sbss
 *(.bss)
 .bss           0x0000000020000088       0x1c /opt/st/stm32cubeide_1.14.0/plugins/com.st.stm32cube.ide.mcu.externaltools.gnu-tools-for-stm32.11.3.rel1.linux64_1.1.100.202309141235/tools/bin/../lib/gcc/arm-none-eabi/11.3.1/thumb/v7e-m+fp/hard/crtbegin.o
 *(.bss*)
 .bss.UART_BUFFER
                0x00000000200000a4      0x100 ./Src/30010_io.o
                0x00000000200000a4                UART_BUFFER
 .bss.UART_END_IDX
                0x00000000200001a4        0x1 ./Src/30010_io.o
                0x00000000200001a4                UART_END_IDX
 .bss.UART_START_IDX
                0x00000000200001a5        0x1 ./Src/30010_io.o
                0x00000000200001a5                UART_START_IDX
 .bss.UART_COUNT
                0x00000000200001a6        0x1 ./Src/30010_io.o
                0x00000000200001a6                UART_COUNT
 *fill*         0x00000000200001a7        0x1 
 .bss.counting_time
                0x00000000200001a8        0x4 ./Src/main.o
                0x00000000200001a8                counting_time
 .bss.heap_end.0
                0x00000000200001ac        0x4 ./Src/sysmem.o
 .bss.__sf      0x00000000200001b0      0x138 /opt/st/stm32cubeide_1.14.0/plugins/com.st.stm32cube.ide.mcu.externaltools.gnu-tools-for-stm32.11.3.rel1.linux64_1.1.100.202309141235/tools/bin/../lib/gcc/arm-none-eabi/11.3.1/../../../../arm-none-eabi/lib/thumb/v7e-m+fp/hard/libc_nano.a(libc_a-findfp.o)
                0x00000000200001b0                __sf
 .bss.__stdio_exit_handler
                0x00000000200002e8        0x4 /opt/st/stm32cubeide_1.14.0/plugins/com.st.stm32cube.ide.mcu.externaltools.gnu-tools-for-stm32.11.3.rel1.linux64_1.1.100.202309141235/tools/bin/../lib/gcc/arm-none-eabi/11.3.1/../../../../arm-none-eabi/lib/thumb/v7e-m+fp/hard/libc_nano.a(libc_a-findfp.o)
                0x00000000200002e8                __stdio_exit_handler
 .bss.errno     0x00000000200002ec        0x4 /opt/st/stm32cubeide_1.14.0/plugins/com.st.stm32cube.ide.mcu.externaltools.gnu-tools-for-stm32.11.3.rel1.linux64_1.1.100.202309141235/tools/bin/../lib/gcc/arm-none-eabi/11.3.1/../../../../arm-none-eabi/lib/thumb/v7e-m+fp/hard/libc_nano.a(libc_a-reent.o)
                0x00000000200002ec                errno
 .bss.__lock___malloc_recursive_mutex
                0x00000000200002f0        0x1 /opt/st/stm32cubeide_1.14.0/plugins/com.st.stm32cube.ide.mcu.externaltools.gnu-tools-for-stm32.11.3.rel1.linux64_1.1.100.202309141235/tools/bin/../lib/gcc/arm-none-eabi/11.3.1/../../../../arm-none-eabi/lib/thumb/v7e-m+fp/hard/libc_nano.a(libc_a-lock.o)
                0x00000000200002f0                __lock___malloc_recursive_mutex
 .bss.__lock___sfp_recursive_mutex
                0x00000000200002f1        0x1 /opt/st/stm32cubeide_1.14.0/plugins/com.st.stm32cube.ide.mcu.externaltools.gnu-tools-for-stm32.11.3.rel1.linux64_1.1.100.202309141235/tools/bin/../lib/gcc/arm-none-eabi/11.3.1/../../../../arm-none-eabi/lib/thumb/v7e-m+fp/hard/libc_nano.a(libc_a-lock.o)
                0x00000000200002f1                __lock___sfp_recursive_mutex
 *fill*         0x00000000200002f2        0x2 
 .bss.__malloc_free_list
                0x00000000200002f4        0x4 /opt/st/stm32cubeide_1.14.0/plugins/com.st.stm32cube.ide.mcu.externaltools.gnu-tools-for-stm32.11.3.rel1.linux64_1.1.100.202309141235/tools/bin/../lib/gcc/arm-none-eabi/11.3.1/../../../../arm-none-eabi/lib/thumb/v7e-m+fp/hard/libc_nano.a(libc_a-mallocr.o)
                0x00000000200002f4                __malloc_free_list
 .bss.__malloc_sbrk_start
                0x00000000200002f8        0x4 /opt/st/stm32cubeide_1.14.0/plugins/com.st.stm32cube.ide.mcu.externaltools.gnu-tools-for-stm32.11.3.rel1.linux64_1.1.100.202309141235/tools/bin/../lib/gcc/arm-none-eabi/11.3.1/../../../../arm-none-eabi/lib/thumb/v7e-m+fp/hard/libc_nano.a(libc_a-mallocr.o)
                0x00000000200002f8                __malloc_sbrk_start
 *(COMMON)
                0x00000000200002fc                . = ALIGN (0x4)
                0x00000000200002fc                _ebss = .
                0x00000000200002fc                __bss_end__ = _ebss

._user_heap_stack
                0x00000000200002fc      0x604 load address 0x0000000008002190
                0x0000000020000300                . = ALIGN (0x8)
 *fill*         0x00000000200002fc        0x4 
                0x0000000020000300                PROVIDE (end = .)
                [!provide]                        PROVIDE (_end = .)
                0x0000000020000500                . = (. + _Min_Heap_Size)
 *fill*         0x0000000020000300      0x200 
                0x0000000020000900                . = (. + _Min_Stack_Size)
 *fill*         0x0000000020000500      0x400 
                0x0000000020000900                . = ALIGN (0x8)

/DISCARD/
 libc.a(*)
 libm.a(*)
 libgcc.a(*)

.ARM.attributes
                0x0000000000000000       0x30
 *(.ARM.attributes)
 .ARM.attributes
                0x0000000000000000       0x1e /opt/st/stm32cubeide_1.14.0/plugins/com.st.stm32cube.ide.mcu.externaltools.gnu-tools-for-stm32.11.3.rel1.linux64_1.1.100.202309141235/tools/bin/../lib/gcc/arm-none-eabi/11.3.1/thumb/v7e-m+fp/hard/crti.o
 .ARM.attributes
                0x000000000000001e       0x34 /opt/st/stm32cubeide_1.14.0/plugins/com.st.stm32cube.ide.mcu.externaltools.gnu-tools-for-stm32.11.3.rel1.linux64_1.1.100.202309141235/tools/bin/../lib/gcc/arm-none-eabi/11.3.1/thumb/v7e-m+fp/hard/crtbegin.o
 .ARM.attributes
                0x0000000000000052       0x34 ./SPL/src/stm32f30x_rcc.o
 .ARM.attributes
                0x0000000000000086       0x34 ./SPL/src/stm32f30x_spi.o
 .ARM.attributes
                0x00000000000000ba       0x34 ./SPL/src/stm32f30x_usart.o
 .ARM.attributes
                0x00000000000000ee       0x34 ./Src/30010_io.o
 .ARM.attributes
                0x0000000000000122       0x34 ./Src/charset.o
 .ARM.attributes
                0x0000000000000156       0x34 ./Src/main.o
 .ARM.attributes
                0x000000000000018a       0x34 ./Src/project5.o
 .ARM.attributes
                0x00000000000001be       0x34 ./Src/syscalls.o
 .ARM.attributes
                0x00000000000001f2       0x34 ./Src/sysmem.o
 .ARM.attributes
                0x0000000000000226       0x34 ./Src/system_stm32f30x.o
 .ARM.attributes
                0x000000000000025a       0x21 ./Startup/startup_stm32f302r8tx.o
 .ARM.attributes
                0x000000000000027b       0x34 /opt/st/stm32cubeide_1.14.0/plugins/com.st.stm32cube.ide.mcu.externaltools.gnu-tools-for-stm32.11.3.rel1.linux64_1.1.100.202309141235/tools/bin/../lib/gcc/arm-none-eabi/11.3.1/../../../../arm-none-eabi/lib/thumb/v7e-m+fp/hard/libc_nano.a(libc_a-findfp.o)
 .ARM.attributes
                0x00000000000002af       0x34 /opt/st/stm32cubeide_1.14.0/plugins/com.st.stm32cube.ide.mcu.externaltools.gnu-tools-for-stm32.11.3.rel1.linux64_1.1.100.202309141235/tools/bin/../lib/gcc/arm-none-eabi/11.3.1/../../../../arm-none-eabi/lib/thumb/v7e-m+fp/hard/libc_nano.a(libc_a-fwalk.o)
 .ARM.attributes
                0x00000000000002e3       0x34 /opt/st/stm32cubeide_1.14.0/plugins/com.st.stm32cube.ide.mcu.externaltools.gnu-tools-for-stm32.11.3.rel1.linux64_1.1.100.202309141235/tools/bin/../lib/gcc/arm-none-eabi/11.3.1/../../../../arm-none-eabi/lib/thumb/v7e-m+fp/hard/libc_nano.a(libc_a-setbuf.o)
 .ARM.attributes
                0x0000000000000317       0x34 /opt/st/stm32cubeide_1.14.0/plugins/com.st.stm32cube.ide.mcu.externaltools.gnu-tools-for-stm32.11.3.rel1.linux64_1.1.100.202309141235/tools/bin/../lib/gcc/arm-none-eabi/11.3.1/../../../../arm-none-eabi/lib/thumb/v7e-m+fp/hard/libc_nano.a(libc_a-setvbuf.o)
 .ARM.attributes
                0x000000000000034b       0x34 /opt/st/stm32cubeide_1.14.0/plugins/com.st.stm32cube.ide.mcu.externaltools.gnu-tools-for-stm32.11.3.rel1.linux64_1.1.100.202309141235/tools/bin/../lib/gcc/arm-none-eabi/11.3.1/../../../../arm-none-eabi/lib/thumb/v7e-m+fp/hard/libc_nano.a(libc_a-stdio.o)
 .ARM.attributes
                0x000000000000037f       0x34 /opt/st/stm32cubeide_1.14.0/plugins/com.st.stm32cube.ide.mcu.externaltools.gnu-tools-for-stm32.11.3.rel1.linux64_1.1.100.202309141235/tools/bin/../lib/gcc/arm-none-eabi/11.3.1/../../../../arm-none-eabi/lib/thumb/v7e-m+fp/hard/libc_nano.a(libc_a-memset.o)
 .ARM.attributes
                0x00000000000003b3       0x34 /opt/st/stm32cubeide_1.14.0/plugins/com.st.stm32cube.ide.mcu.externaltools.gnu-tools-for-stm32.11.3.rel1.linux64_1.1.100.202309141235/tools/bin/../lib/gcc/arm-none-eabi/11.3.1/../../../../arm-none-eabi/lib/thumb/v7e-m+fp/hard/libc_nano.a(libc_a-closer.o)
 .ARM.attributes
                0x00000000000003e7       0x34 /opt/st/stm32cubeide_1.14.0/plugins/com.st.stm32cube.ide.mcu.externaltools.gnu-tools-for-stm32.11.3.rel1.linux64_1.1.100.202309141235/tools/bin/../lib/gcc/arm-none-eabi/11.3.1/../../../../arm-none-eabi/lib/thumb/v7e-m+fp/hard/libc_nano.a(libc_a-reent.o)
 .ARM.attributes
                0x000000000000041b       0x34 /opt/st/stm32cubeide_1.14.0/plugins/com.st.stm32cube.ide.mcu.externaltools.gnu-tools-for-stm32.11.3.rel1.linux64_1.1.100.202309141235/tools/bin/../lib/gcc/arm-none-eabi/11.3.1/../../../../arm-none-eabi/lib/thumb/v7e-m+fp/hard/libc_nano.a(libc_a-impure.o)
 .ARM.attributes
                0x000000000000044f       0x34 /opt/st/stm32cubeide_1.14.0/plugins/com.st.stm32cube.ide.mcu.externaltools.gnu-tools-for-stm32.11.3.rel1.linux64_1.1.100.202309141235/tools/bin/../lib/gcc/arm-none-eabi/11.3.1/../../../../arm-none-eabi/lib/thumb/v7e-m+fp/hard/libc_nano.a(libc_a-lseekr.o)
 .ARM.attributes
                0x0000000000000483       0x34 /opt/st/stm32cubeide_1.14.0/plugins/com.st.stm32cube.ide.mcu.externaltools.gnu-tools-for-stm32.11.3.rel1.linux64_1.1.100.202309141235/tools/bin/../lib/gcc/arm-none-eabi/11.3.1/../../../../arm-none-eabi/lib/thumb/v7e-m+fp/hard/libc_nano.a(libc_a-readr.o)
 .ARM.attributes
                0x00000000000004b7       0x34 /opt/st/stm32cubeide_1.14.0/plugins/com.st.stm32cube.ide.mcu.externaltools.gnu-tools-for-stm32.11.3.rel1.linux64_1.1.100.202309141235/tools/bin/../lib/gcc/arm-none-eabi/11.3.1/../../../../arm-none-eabi/lib/thumb/v7e-m+fp/hard/libc_nano.a(libc_a-errno.o)
 .ARM.attributes
                0x00000000000004eb       0x34 /opt/st/stm32cubeide_1.14.0/plugins/com.st.stm32cube.ide.mcu.externaltools.gnu-tools-for-stm32.11.3.rel1.linux64_1.1.100.202309141235/tools/bin/../lib/gcc/arm-none-eabi/11.3.1/../../../../arm-none-eabi/lib/thumb/v7e-m+fp/hard/libc_nano.a(libc_a-init.o)
 .ARM.attributes
                0x000000000000051f       0x34 /opt/st/stm32cubeide_1.14.0/plugins/com.st.stm32cube.ide.mcu.externaltools.gnu-tools-for-stm32.11.3.rel1.linux64_1.1.100.202309141235/tools/bin/../lib/gcc/arm-none-eabi/11.3.1/../../../../arm-none-eabi/lib/thumb/v7e-m+fp/hard/libc_nano.a(libc_a-lock.o)
 .ARM.attributes
                0x0000000000000553       0x17 /opt/st/stm32cubeide_1.14.0/plugins/com.st.stm32cube.ide.mcu.externaltools.gnu-tools-for-stm32.11.3.rel1.linux64_1.1.100.202309141235/tools/bin/../lib/gcc/arm-none-eabi/11.3.1/../../../../arm-none-eabi/lib/thumb/v7e-m+fp/hard/libc_nano.a(libc_a-strlen.o)
 .ARM.attributes
                0x000000000000056a       0x34 /opt/st/stm32cubeide_1.14.0/plugins/com.st.stm32cube.ide.mcu.externaltools.gnu-tools-for-stm32.11.3.rel1.linux64_1.1.100.202309141235/tools/bin/../lib/gcc/arm-none-eabi/11.3.1/../../../../arm-none-eabi/lib/thumb/v7e-m+fp/hard/libc_nano.a(libc_a-freer.o)
 .ARM.attributes
                0x000000000000059e       0x34 /opt/st/stm32cubeide_1.14.0/plugins/com.st.stm32cube.ide.mcu.externaltools.gnu-tools-for-stm32.11.3.rel1.linux64_1.1.100.202309141235/tools/bin/../lib/gcc/arm-none-eabi/11.3.1/../../../../arm-none-eabi/lib/thumb/v7e-m+fp/hard/libc_nano.a(libc_a-malloc.o)
 .ARM.attributes
                0x00000000000005d2       0x34 /opt/st/stm32cubeide_1.14.0/plugins/com.st.stm32cube.ide.mcu.externaltools.gnu-tools-for-stm32.11.3.rel1.linux64_1.1.100.202309141235/tools/bin/../lib/gcc/arm-none-eabi/11.3.1/../../../../arm-none-eabi/lib/thumb/v7e-m+fp/hard/libc_nano.a(libc_a-mallocr.o)
 .ARM.attributes
                0x0000000000000606       0x34 /opt/st/stm32cubeide_1.14.0/plugins/com.st.stm32cube.ide.mcu.externaltools.gnu-tools-for-stm32.11.3.rel1.linux64_1.1.100.202309141235/tools/bin/../lib/gcc/arm-none-eabi/11.3.1/../../../../arm-none-eabi/lib/thumb/v7e-m+fp/hard/libc_nano.a(libc_a-mlock.o)
 .ARM.attributes
                0x000000000000063a       0x34 /opt/st/stm32cubeide_1.14.0/plugins/com.st.stm32cube.ide.mcu.externaltools.gnu-tools-for-stm32.11.3.rel1.linux64_1.1.100.202309141235/tools/bin/../lib/gcc/arm-none-eabi/11.3.1/../../../../arm-none-eabi/lib/thumb/v7e-m+fp/hard/libc_nano.a(libc_a-fflush.o)
 .ARM.attributes
                0x000000000000066e       0x34 /opt/st/stm32cubeide_1.14.0/plugins/com.st.stm32cube.ide.mcu.externaltools.gnu-tools-for-stm32.11.3.rel1.linux64_1.1.100.202309141235/tools/bin/../lib/gcc/arm-none-eabi/11.3.1/../../../../arm-none-eabi/lib/thumb/v7e-m+fp/hard/libc_nano.a(libc_a-makebuf.o)
 .ARM.attributes
                0x00000000000006a2       0x34 /opt/st/stm32cubeide_1.14.0/plugins/com.st.stm32cube.ide.mcu.externaltools.gnu-tools-for-stm32.11.3.rel1.linux64_1.1.100.202309141235/tools/bin/../lib/gcc/arm-none-eabi/11.3.1/../../../../arm-none-eabi/lib/thumb/v7e-m+fp/hard/libc_nano.a(libc_a-fstatr.o)
 .ARM.attributes
                0x00000000000006d6       0x34 /opt/st/stm32cubeide_1.14.0/plugins/com.st.stm32cube.ide.mcu.externaltools.gnu-tools-for-stm32.11.3.rel1.linux64_1.1.100.202309141235/tools/bin/../lib/gcc/arm-none-eabi/11.3.1/../../../../arm-none-eabi/lib/thumb/v7e-m+fp/hard/libc_nano.a(libc_a-sbrkr.o)
 .ARM.attributes
                0x000000000000070a       0x1e /opt/st/stm32cubeide_1.14.0/plugins/com.st.stm32cube.ide.mcu.externaltools.gnu-tools-for-stm32.11.3.rel1.linux64_1.1.100.202309141235/tools/bin/../lib/gcc/arm-none-eabi/11.3.1/thumb/v7e-m+fp/hard/crtn.o
OUTPUT(BaseProject.elf elf32-littlearm)
LOAD linker stubs
LOAD /opt/st/stm32cubeide_1.14.0/plugins/com.st.stm32cube.ide.mcu.externaltools.gnu-tools-for-stm32.11.3.rel1.linux64_1.1.100.202309141235/tools/bin/../lib/gcc/arm-none-eabi/11.3.1/../../../../arm-none-eabi/lib/thumb/v7e-m+fp/hard/libc.a
LOAD /opt/st/stm32cubeide_1.14.0/plugins/com.st.stm32cube.ide.mcu.externaltools.gnu-tools-for-stm32.11.3.rel1.linux64_1.1.100.202309141235/tools/bin/../lib/gcc/arm-none-eabi/11.3.1/../../../../arm-none-eabi/lib/thumb/v7e-m+fp/hard/libm.a
LOAD /opt/st/stm32cubeide_1.14.0/plugins/com.st.stm32cube.ide.mcu.externaltools.gnu-tools-for-stm32.11.3.rel1.linux64_1.1.100.202309141235/tools/bin/../lib/gcc/arm-none-eabi/11.3.1/thumb/v7e-m+fp/hard/libgcc.a

.comment        0x0000000000000000       0x43
 .comment       0x0000000000000000       0x43 /opt/st/stm32cubeide_1.14.0/plugins/com.st.stm32cube.ide.mcu.externaltools.gnu-tools-for-stm32.11.3.rel1.linux64_1.1.100.202309141235/tools/bin/../lib/gcc/arm-none-eabi/11.3.1/thumb/v7e-m+fp/hard/crtbegin.o
                                         0x44 (size before relaxing)
 .comment       0x0000000000000043       0x44 ./SPL/src/stm32f30x_rcc.o
 .comment       0x0000000000000043       0x44 ./SPL/src/stm32f30x_spi.o
 .comment       0x0000000000000043       0x44 ./SPL/src/stm32f30x_usart.o
 .comment       0x0000000000000043       0x44 ./Src/30010_io.o
 .comment       0x0000000000000043       0x44 ./Src/charset.o
 .comment       0x0000000000000043       0x44 ./Src/main.o
 .comment       0x0000000000000043       0x44 ./Src/project5.o
 .comment       0x0000000000000043       0x44 ./Src/syscalls.o
 .comment       0x0000000000000043       0x44 ./Src/sysmem.o
 .comment       0x0000000000000043       0x44 ./Src/system_stm32f30x.o

.debug_info     0x0000000000000000     0x4dac
 .debug_info    0x0000000000000000      0xa6e ./SPL/src/stm32f30x_rcc.o
 .debug_info    0x0000000000000a6e      0xb80 ./SPL/src/stm32f30x_spi.o
 .debug_info    0x00000000000015ee      0xead ./SPL/src/stm32f30x_usart.o
 .debug_info    0x000000000000249b     0x12ba ./Src/30010_io.o
 .debug_info    0x0000000000003755      0x1b7 ./Src/charset.o
 .debug_info    0x000000000000390c      0x3ac ./Src/main.o
 .debug_info    0x0000000000003cb8      0x4d0 ./Src/project5.o
 .debug_info    0x0000000000004188      0x6b0 ./Src/syscalls.o
 .debug_info    0x0000000000004838      0x104 ./Src/sysmem.o
 .debug_info    0x000000000000493c      0x44d ./Src/system_stm32f30x.o
 .debug_info    0x0000000000004d89       0x23 ./Startup/startup_stm32f302r8tx.o

.debug_abbrev   0x0000000000000000     0x1118
 .debug_abbrev  0x0000000000000000      0x20e ./SPL/src/stm32f30x_rcc.o
 .debug_abbrev  0x000000000000020e      0x1cb ./SPL/src/stm32f30x_spi.o
 .debug_abbrev  0x00000000000003d9      0x1b0 ./SPL/src/stm32f30x_usart.o
 .debug_abbrev  0x0000000000000589      0x390 ./Src/30010_io.o
 .debug_abbrev  0x0000000000000919      0x12e ./Src/charset.o
 .debug_abbrev  0x0000000000000a47      0x192 ./Src/main.o
 .debug_abbrev  0x0000000000000bd9      0x173 ./Src/project5.o
 .debug_abbrev  0x0000000000000d4c      0x1b6 ./Src/syscalls.o
 .debug_abbrev  0x0000000000000f02       0xc0 ./Src/sysmem.o
 .debug_abbrev  0x0000000000000fc2      0x144 ./Src/system_stm32f30x.o
 .debug_abbrev  0x0000000000001106       0x12 ./Startup/startup_stm32f302r8tx.o

.debug_aranges  0x0000000000000000      0x678
 .debug_aranges
                0x0000000000000000      0x150 ./SPL/src/stm32f30x_rcc.o
 .debug_aranges
                0x0000000000000150      0x118 ./SPL/src/stm32f30x_spi.o
 .debug_aranges
                0x0000000000000268      0x1a0 ./SPL/src/stm32f30x_usart.o
 .debug_aranges
                0x0000000000000408       0x78 ./Src/30010_io.o
 .debug_aranges
                0x0000000000000480       0x20 ./Src/charset.o
 .debug_aranges
                0x00000000000004a0       0x28 ./Src/main.o
 .debug_aranges
                0x00000000000004c8       0x90 ./Src/project5.o
 .debug_aranges
                0x0000000000000558       0xa8 ./Src/syscalls.o
 .debug_aranges
                0x0000000000000600       0x20 ./Src/sysmem.o
 .debug_aranges
                0x0000000000000620       0x30 ./Src/system_stm32f30x.o
 .debug_aranges
                0x0000000000000650       0x28 ./Startup/startup_stm32f302r8tx.o

.debug_rnglists
                0x0000000000000000      0x4b8
 .debug_rnglists
                0x0000000000000000       0xfa ./SPL/src/stm32f30x_rcc.o
 .debug_rnglists
                0x00000000000000fa       0xd0 ./SPL/src/stm32f30x_spi.o
 .debug_rnglists
                0x00000000000001ca      0x137 ./SPL/src/stm32f30x_usart.o
 .debug_rnglists
                0x0000000000000301       0x59 ./Src/30010_io.o
 .debug_rnglists
                0x000000000000035a       0x14 ./Src/charset.o
 .debug_rnglists
                0x000000000000036e       0x1a ./Src/main.o
 .debug_rnglists
                0x0000000000000388       0x69 ./Src/project5.o
 .debug_rnglists
                0x00000000000003f1       0x79 ./Src/syscalls.o
 .debug_rnglists
                0x000000000000046a       0x13 ./Src/sysmem.o
 .debug_rnglists
                0x000000000000047d       0x22 ./Src/system_stm32f30x.o
 .debug_rnglists
                0x000000000000049f       0x19 ./Startup/startup_stm32f302r8tx.o

.debug_macro    0x0000000000000000     0x3a59
 .debug_macro   0x0000000000000000      0x238 ./SPL/src/stm32f30x_rcc.o
 .debug_macro   0x0000000000000238      0x5c0 ./SPL/src/stm32f30x_rcc.o
 .debug_macro   0x00000000000007f8      0x1b0 ./SPL/src/stm32f30x_spi.o
 .debug_macro   0x00000000000009a8      0x3a5 ./SPL/src/stm32f30x_spi.o
 .debug_macro   0x0000000000000d4d      0x1b3 ./SPL/src/stm32f30x_usart.o
 .debug_macro   0x0000000000000f00      0x35e ./SPL/src/stm32f30x_usart.o
 .debug_macro   0x000000000000125e      0x27e ./Src/30010_io.o
 .debug_macro   0x00000000000014dc       0x61 ./Src/30010_io.o
 .debug_macro   0x000000000000153d       0x2a ./Src/30010_io.o
 .debug_macro   0x0000000000001567       0x43 ./Src/30010_io.o
 .debug_macro   0x00000000000015aa       0x34 ./Src/30010_io.o
 .debug_macro   0x00000000000015de       0x16 ./Src/30010_io.o
 .debug_macro   0x00000000000015f4       0x97 ./Src/30010_io.o
 .debug_macro   0x000000000000168b      0x369 ./Src/30010_io.o
 .debug_macro   0x00000000000019f4       0xfd ./Src/30010_io.o
 .debug_macro   0x0000000000001af1       0x10 ./Src/30010_io.o
 .debug_macro   0x0000000000001b01       0x16 ./Src/30010_io.o
 .debug_macro   0x0000000000001b17       0x43 ./Src/30010_io.o
 .debug_macro   0x0000000000001b5a       0x34 ./Src/30010_io.o
 .debug_macro   0x0000000000001b8e       0x10 ./Src/30010_io.o
 .debug_macro   0x0000000000001b9e       0x58 ./Src/30010_io.o
 .debug_macro   0x0000000000001bf6       0x8e ./Src/30010_io.o
 .debug_macro   0x0000000000001c84       0x1c ./Src/30010_io.o
 .debug_macro   0x0000000000001ca0      0x177 ./Src/30010_io.o
 .debug_macro   0x0000000000001e17       0x16 ./Src/30010_io.o
 .debug_macro   0x0000000000001e2d       0x16 ./Src/30010_io.o
 .debug_macro   0x0000000000001e43      0x147 ./Src/30010_io.o
 .debug_macro   0x0000000000001f8a      0x140 ./Src/charset.o
 .debug_macro   0x00000000000020ca      0x174 ./Src/charset.o
 .debug_macro   0x000000000000223e       0x10 ./Src/charset.o
 .debug_macro   0x000000000000224e       0x35 ./Src/charset.o
 .debug_macro   0x0000000000002283       0x20 ./Src/charset.o
 .debug_macro   0x00000000000022a3      0x2df ./Src/main.o
 .debug_macro   0x0000000000002582       0x16 ./Src/main.o
 .debug_macro   0x0000000000002598       0x16 ./Src/main.o
 .debug_macro   0x00000000000025ae      0x19b ./Src/project5.o
 .debug_macro   0x0000000000002749      0x274 ./Src/syscalls.o
 .debug_macro   0x00000000000029bd       0x5b ./Src/syscalls.o
 .debug_macro   0x0000000000002a18       0x94 ./Src/syscalls.o
 .debug_macro   0x0000000000002aac       0x57 ./Src/syscalls.o
 .debug_macro   0x0000000000002b03       0x10 ./Src/syscalls.o
 .debug_macro   0x0000000000002b13       0x10 ./Src/syscalls.o
 .debug_macro   0x0000000000002b23       0x10 ./Src/syscalls.o
 .debug_macro   0x0000000000002b33       0x10 ./Src/syscalls.o
 .debug_macro   0x0000000000002b43       0x1c ./Src/syscalls.o
 .debug_macro   0x0000000000002b5f       0x52 ./Src/syscalls.o
 .debug_macro   0x0000000000002bb1       0x22 ./Src/syscalls.o
 .debug_macro   0x0000000000002bd3       0x10 ./Src/syscalls.o
 .debug_macro   0x0000000000002be3       0x52 ./Src/syscalls.o
 .debug_macro   0x0000000000002c35       0xcf ./Src/syscalls.o
 .debug_macro   0x0000000000002d04       0x1c ./Src/syscalls.o
 .debug_macro   0x0000000000002d20       0x3d ./Src/syscalls.o
 .debug_macro   0x0000000000002d5d       0x35 ./Src/syscalls.o
 .debug_macro   0x0000000000002d92      0x12c ./Src/syscalls.o
 .debug_macro   0x0000000000002ebe       0x16 ./Src/syscalls.o
 .debug_macro   0x0000000000002ed4       0x16 ./Src/syscalls.o
 .debug_macro   0x0000000000002eea       0x29 ./Src/syscalls.o
 .debug_macro   0x0000000000002f13       0x10 ./Src/syscalls.o
 .debug_macro   0x0000000000002f23      0x242 ./Src/syscalls.o
 .debug_macro   0x0000000000003165       0x1c ./Src/syscalls.o
 .debug_macro   0x0000000000003181       0x10 ./Src/syscalls.o
 .debug_macro   0x0000000000003191      0x18a ./Src/syscalls.o
 .debug_macro   0x000000000000331b       0x16 ./Src/syscalls.o
 .debug_macro   0x0000000000003331       0xce ./Src/syscalls.o
 .debug_macro   0x00000000000033ff      0x1aa ./Src/sysmem.o
 .debug_macro   0x00000000000035a9      0x23c ./Src/sysmem.o
 .debug_macro   0x00000000000037e5       0x1c ./Src/sysmem.o
 .debug_macro   0x0000000000003801       0xc1 ./Src/sysmem.o
 .debug_macro   0x00000000000038c2      0x197 ./Src/system_stm32f30x.o

.debug_line     0x0000000000000000     0x5e92
 .debug_line    0x0000000000000000      0xe39 ./SPL/src/stm32f30x_rcc.o
 .debug_line    0x0000000000000e39      0xbe3 ./SPL/src/stm32f30x_spi.o
 .debug_line    0x0000000000001a1c      0xd84 ./SPL/src/stm32f30x_usart.o
 .debug_line    0x00000000000027a0      0xb15 ./Src/30010_io.o
 .debug_line    0x00000000000032b5      0x5c3 ./Src/charset.o
 .debug_line    0x0000000000003878      0x85c ./Src/main.o
 .debug_line    0x00000000000040d4      0x8de ./Src/project5.o
 .debug_line    0x00000000000049b2      0x7e2 ./Src/syscalls.o
 .debug_line    0x0000000000005194      0x545 ./Src/sysmem.o
 .debug_line    0x00000000000056d9      0x73e ./Src/system_stm32f30x.o
 .debug_line    0x0000000000005e17       0x7b ./Startup/startup_stm32f302r8tx.o

.debug_str      0x0000000000000000    0x5a9f9
 .debug_str     0x0000000000000000    0x5353a ./SPL/src/stm32f30x_rcc.o
                                      0x536ee (size before relaxing)
 .debug_str     0x000000000005353a      0x51f ./SPL/src/stm32f30x_spi.o
                                      0x5330b (size before relaxing)
 .debug_str     0x0000000000053a59      0x7e8 ./SPL/src/stm32f30x_usart.o
                                      0x53602 (size before relaxing)
 .debug_str     0x0000000000054241     0x4267 ./Src/30010_io.o
                                      0x5727a (size before relaxing)
 .debug_str     0x00000000000584a8       0xc9 ./Src/charset.o
                                       0x7204 (size before relaxing)
 .debug_str     0x0000000000058571      0x1d0 ./Src/main.o
                                      0x568b3 (size before relaxing)
 .debug_str     0x0000000000058741       0xb1 ./Src/project5.o
                                      0x52d80 (size before relaxing)
 .debug_str     0x00000000000587f2     0x20c4 ./Src/syscalls.o
                                       0x98d7 (size before relaxing)
 .debug_str     0x000000000005a8b6       0x31 ./Src/sysmem.o
                                       0x7b7e (size before relaxing)
 .debug_str     0x000000000005a8e7       0xe3 ./Src/system_stm32f30x.o
                                      0x52d80 (size before relaxing)
 .debug_str     0x000000000005a9ca       0x2f ./Startup/startup_stm32f302r8tx.o
                                         0x6c (size before relaxing)

.debug_frame    0x0000000000000000     0x20d4
 .debug_frame   0x0000000000000000      0x60c ./SPL/src/stm32f30x_rcc.o
 .debug_frame   0x000000000000060c      0x508 ./SPL/src/stm32f30x_spi.o
 .debug_frame   0x0000000000000b14      0x7b0 ./SPL/src/stm32f30x_usart.o
 .debug_frame   0x00000000000012c4      0x1b4 ./Src/30010_io.o
 .debug_frame   0x0000000000001478       0x38 ./Src/charset.o
 .debug_frame   0x00000000000014b0       0x54 ./Src/main.o
 .debug_frame   0x0000000000001504      0x258 ./Src/project5.o
 .debug_frame   0x000000000000175c      0x2ac ./Src/syscalls.o
 .debug_frame   0x0000000000001a08       0x34 ./Src/sysmem.o
 .debug_frame   0x0000000000001a3c       0x74 ./Src/system_stm32f30x.o
 .debug_frame   0x0000000000001ab0      0x144 /opt/st/stm32cubeide_1.14.0/plugins/com.st.stm32cube.ide.mcu.externaltools.gnu-tools-for-stm32.11.3.rel1.linux64_1.1.100.202309141235/tools/bin/../lib/gcc/arm-none-eabi/11.3.1/../../../../arm-none-eabi/lib/thumb/v7e-m+fp/hard/libc_nano.a(libc_a-findfp.o)
 .debug_frame   0x0000000000001bf4       0x34 /opt/st/stm32cubeide_1.14.0/plugins/com.st.stm32cube.ide.mcu.externaltools.gnu-tools-for-stm32.11.3.rel1.linux64_1.1.100.202309141235/tools/bin/../lib/gcc/arm-none-eabi/11.3.1/../../../../arm-none-eabi/lib/thumb/v7e-m+fp/hard/libc_nano.a(libc_a-fwalk.o)
 .debug_frame   0x0000000000001c28       0x20 /opt/st/stm32cubeide_1.14.0/plugins/com.st.stm32cube.ide.mcu.externaltools.gnu-tools-for-stm32.11.3.rel1.linux64_1.1.100.202309141235/tools/bin/../lib/gcc/arm-none-eabi/11.3.1/../../../../arm-none-eabi/lib/thumb/v7e-m+fp/hard/libc_nano.a(libc_a-setbuf.o)
 .debug_frame   0x0000000000001c48       0x38 /opt/st/stm32cubeide_1.14.0/plugins/com.st.stm32cube.ide.mcu.externaltools.gnu-tools-for-stm32.11.3.rel1.linux64_1.1.100.202309141235/tools/bin/../lib/gcc/arm-none-eabi/11.3.1/../../../../arm-none-eabi/lib/thumb/v7e-m+fp/hard/libc_nano.a(libc_a-setvbuf.o)
 .debug_frame   0x0000000000001c80       0x88 /opt/st/stm32cubeide_1.14.0/plugins/com.st.stm32cube.ide.mcu.externaltools.gnu-tools-for-stm32.11.3.rel1.linux64_1.1.100.202309141235/tools/bin/../lib/gcc/arm-none-eabi/11.3.1/../../../../arm-none-eabi/lib/thumb/v7e-m+fp/hard/libc_nano.a(libc_a-stdio.o)
 .debug_frame   0x0000000000001d08       0x20 /opt/st/stm32cubeide_1.14.0/plugins/com.st.stm32cube.ide.mcu.externaltools.gnu-tools-for-stm32.11.3.rel1.linux64_1.1.100.202309141235/tools/bin/../lib/gcc/arm-none-eabi/11.3.1/../../../../arm-none-eabi/lib/thumb/v7e-m+fp/hard/libc_nano.a(libc_a-memset.o)
 .debug_frame   0x0000000000001d28       0x2c /opt/st/stm32cubeide_1.14.0/plugins/com.st.stm32cube.ide.mcu.externaltools.gnu-tools-for-stm32.11.3.rel1.linux64_1.1.100.202309141235/tools/bin/../lib/gcc/arm-none-eabi/11.3.1/../../../../arm-none-eabi/lib/thumb/v7e-m+fp/hard/libc_nano.a(libc_a-closer.o)
 .debug_frame   0x0000000000001d54       0x38 /opt/st/stm32cubeide_1.14.0/plugins/com.st.stm32cube.ide.mcu.externaltools.gnu-tools-for-stm32.11.3.rel1.linux64_1.1.100.202309141235/tools/bin/../lib/gcc/arm-none-eabi/11.3.1/../../../../arm-none-eabi/lib/thumb/v7e-m+fp/hard/libc_nano.a(libc_a-reent.o)
 .debug_frame   0x0000000000001d8c       0x2c /opt/st/stm32cubeide_1.14.0/plugins/com.st.stm32cube.ide.mcu.externaltools.gnu-tools-for-stm32.11.3.rel1.linux64_1.1.100.202309141235/tools/bin/../lib/gcc/arm-none-eabi/11.3.1/../../../../arm-none-eabi/lib/thumb/v7e-m+fp/hard/libc_nano.a(libc_a-lseekr.o)
 .debug_frame   0x0000000000001db8       0x2c /opt/st/stm32cubeide_1.14.0/plugins/com.st.stm32cube.ide.mcu.externaltools.gnu-tools-for-stm32.11.3.rel1.linux64_1.1.100.202309141235/tools/bin/../lib/gcc/arm-none-eabi/11.3.1/../../../../arm-none-eabi/lib/thumb/v7e-m+fp/hard/libc_nano.a(libc_a-readr.o)
 .debug_frame   0x0000000000001de4       0x20 /opt/st/stm32cubeide_1.14.0/plugins/com.st.stm32cube.ide.mcu.externaltools.gnu-tools-for-stm32.11.3.rel1.linux64_1.1.100.202309141235/tools/bin/../lib/gcc/arm-none-eabi/11.3.1/../../../../arm-none-eabi/lib/thumb/v7e-m+fp/hard/libc_nano.a(libc_a-errno.o)
 .debug_frame   0x0000000000001e04       0x2c /opt/st/stm32cubeide_1.14.0/plugins/com.st.stm32cube.ide.mcu.externaltools.gnu-tools-for-stm32.11.3.rel1.linux64_1.1.100.202309141235/tools/bin/../lib/gcc/arm-none-eabi/11.3.1/../../../../arm-none-eabi/lib/thumb/v7e-m+fp/hard/libc_nano.a(libc_a-init.o)
 .debug_frame   0x0000000000001e30       0xb0 /opt/st/stm32cubeide_1.14.0/plugins/com.st.stm32cube.ide.mcu.externaltools.gnu-tools-for-stm32.11.3.rel1.linux64_1.1.100.202309141235/tools/bin/../lib/gcc/arm-none-eabi/11.3.1/../../../../arm-none-eabi/lib/thumb/v7e-m+fp/hard/libc_nano.a(libc_a-lock.o)
 .debug_frame   0x0000000000001ee0       0x38 /opt/st/stm32cubeide_1.14.0/plugins/com.st.stm32cube.ide.mcu.externaltools.gnu-tools-for-stm32.11.3.rel1.linux64_1.1.100.202309141235/tools/bin/../lib/gcc/arm-none-eabi/11.3.1/../../../../arm-none-eabi/lib/thumb/v7e-m+fp/hard/libc_nano.a(libc_a-freer.o)
 .debug_frame   0x0000000000001f18       0x30 /opt/st/stm32cubeide_1.14.0/plugins/com.st.stm32cube.ide.mcu.externaltools.gnu-tools-for-stm32.11.3.rel1.linux64_1.1.100.202309141235/tools/bin/../lib/gcc/arm-none-eabi/11.3.1/../../../../arm-none-eabi/lib/thumb/v7e-m+fp/hard/libc_nano.a(libc_a-malloc.o)
 .debug_frame   0x0000000000001f48       0x50 /opt/st/stm32cubeide_1.14.0/plugins/com.st.stm32cube.ide.mcu.externaltools.gnu-tools-for-stm32.11.3.rel1.linux64_1.1.100.202309141235/tools/bin/../lib/gcc/arm-none-eabi/11.3.1/../../../../arm-none-eabi/lib/thumb/v7e-m+fp/hard/libc_nano.a(libc_a-mallocr.o)
 .debug_frame   0x0000000000001f98       0x30 /opt/st/stm32cubeide_1.14.0/plugins/com.st.stm32cube.ide.mcu.externaltools.gnu-tools-for-stm32.11.3.rel1.linux64_1.1.100.202309141235/tools/bin/../lib/gcc/arm-none-eabi/11.3.1/../../../../arm-none-eabi/lib/thumb/v7e-m+fp/hard/libc_nano.a(libc_a-mlock.o)
 .debug_frame   0x0000000000001fc8       0x5c /opt/st/stm32cubeide_1.14.0/plugins/com.st.stm32cube.ide.mcu.externaltools.gnu-tools-for-stm32.11.3.rel1.linux64_1.1.100.202309141235/tools/bin/../lib/gcc/arm-none-eabi/11.3.1/../../../../arm-none-eabi/lib/thumb/v7e-m+fp/hard/libc_nano.a(libc_a-fflush.o)
 .debug_frame   0x0000000000002024       0x58 /opt/st/stm32cubeide_1.14.0/plugins/com.st.stm32cube.ide.mcu.externaltools.gnu-tools-for-stm32.11.3.rel1.linux64_1.1.100.202309141235/tools/bin/../lib/gcc/arm-none-eabi/11.3.1/../../../../arm-none-eabi/lib/thumb/v7e-m+fp/hard/libc_nano.a(libc_a-makebuf.o)
 .debug_frame   0x000000000000207c       0x2c /opt/st/stm32cubeide_1.14.0/plugins/com.st.stm32cube.ide.mcu.externaltools.gnu-tools-for-stm32.11.3.rel1.linux64_1.1.100.202309141235/tools/bin/../lib/gcc/arm-none-eabi/11.3.1/../../../../arm-none-eabi/lib/thumb/v7e-m+fp/hard/libc_nano.a(libc_a-fstatr.o)
 .debug_frame   0x00000000000020a8       0x2c /opt/st/stm32cubeide_1.14.0/plugins/com.st.stm32cube.ide.mcu.externaltools.gnu-tools-for-stm32.11.3.rel1.linux64_1.1.100.202309141235/tools/bin/../lib/gcc/arm-none-eabi/11.3.1/../../../../arm-none-eabi/lib/thumb/v7e-m+fp/hard/libc_nano.a(libc_a-sbrkr.o)

.debug_line_str
                0x0000000000000000       0x60
 .debug_line_str
                0x0000000000000000       0x60 ./Startup/startup_stm32f302r8tx.o
                                         0x78 (size before relaxing)
